// Jest Snapshot v1, https://goo.gl/fbAQLP

exports[`<SignIn /> Renders SignIn screen 1`] = `
<View
  onLayout={[Function]}
  style={
    Array [
      Object {
        "alignItems": "center",
        "backgroundColor": "#fff",
        "flex": 1,
        "justifyContent": "center",
      },
      Object {
        "paddingBottom": 0,
      },
    ]
  }
>
  <View
    accessible={true}
    focusable={true}
    onClick={[Function]}
    onResponderGrant={[Function]}
    onResponderMove={[Function]}
    onResponderRelease={[Function]}
    onResponderTerminate={[Function]}
    onResponderTerminationRequest={[Function]}
    onStartShouldSetResponder={[Function]}
    style={
      Object {
        "flex": 1,
        "justifyContent": "center",
        "padding": 32,
        "width": "100%",
      }
    }
  >
    <View>
      <View
        style={
          Object {
            "alignItems": "flex-start",
            "marginBottom": 24,
            "width": "100%",
          }
        }
      >
        <TextInput
          keyboardType="email-address"
          onBlur={[Function]}
          onChangeText={[Function]}
          placeholder="Email"
          style={
            Object {
              "borderBottomWidth": 1,
              "borderColor": "rgb(140,140,140)",
              "borderRadius": 0,
              "color": "rgb(60,60,60)",
              "fontSize": 18,
              "paddingBottom": 12,
              "paddingRight": 12,
              "paddingTop": 12,
              "width": "100%",
            }
          }
          value=""
        />
      </View>
      <View
        style={
          Object {
            "alignItems": "flex-start",
            "marginBottom": 24,
            "width": "100%",
          }
        }
      >
        <TextInput
          onBlur={[Function]}
          onChangeText={[Function]}
          placeholder="Password"
          secureTextEntry={true}
          style={
            Object {
              "borderBottomWidth": 1,
              "borderColor": "rgb(140,140,140)",
              "borderRadius": 0,
              "color": "rgb(60,60,60)",
              "fontSize": 18,
              "paddingBottom": 12,
              "paddingRight": 12,
              "paddingTop": 12,
              "width": "100%",
            }
          }
          value=""
        />
      </View>
      <View
        accessible={true}
        collapsable={false}
        focusable={true}
        onClick={[Function]}
        onResponderGrant={[Function]}
        onResponderMove={[Function]}
        onResponderRelease={[Function]}
        onResponderTerminate={[Function]}
        onResponderTerminationRequest={[Function]}
        onStartShouldSetResponder={[Function]}
        style={
          Object {
            "alignItems": "center",
            "backgroundColor": "rgb(40,40,40)",
            "borderRadius": 6,
            "opacity": 1,
            "padding": 12,
          }
        }
      >
        <Text
          style={
            Object {
              "color": "rgb(255,255,255)",
              "fontSize": 18,
            }
          }
        >
          Sign In
        </Text>
      </View>
    </View>
    <View
      accessible={true}
      collapsable={false}
      focusable={true}
      onClick={[Function]}
      onResponderGrant={[Function]}
      onResponderMove={[Function]}
      onResponderRelease={[Function]}
      onResponderTerminate={[Function]}
      onResponderTerminationRequest={[Function]}
      onStartShouldSetResponder={[Function]}
      style={
        Object {
          "alignItems": "center",
          "backgroundColor": "rgb(220,220,220)",
          "borderRadius": 6,
          "marginTop": 12,
          "opacity": 1,
          "padding": 12,
        }
      }
    >
      <Text
        style={
          Object {
            "color": "rgb(60,60,60)",
            "fontSize": 18,
          }
        }
      >
        Create Account
      </Text>
    </View>
    <View
      style={
        Object {
          "collr": "rgb(100,100,100",
          "flexDirection": "row",
          "justifyContent": "center",
          "marginTop": 10,
        }
      }
    >
      <View
        accessibilityRole="button"
        accessible={true}
        collapsable={false}
        focusable={true}
        onClick={[Function]}
        onResponderGrant={[Function]}
        onResponderMove={[Function]}
        onResponderRelease={[Function]}
        onResponderTerminate={[Function]}
        onResponderTerminationRequest={[Function]}
        onStartShouldSetResponder={[Function]}
        style={
          Object {
            "opacity": 1,
          }
        }
      >
        <View
          style={
            Array [
              Object {},
            ]
          }
        >
          <Text
            style={
              Array [
                Object {
                  "color": "#007AFF",
                  "fontSize": 18,
                  "margin": 8,
                  "textAlign": "center",
                },
                Object {
                  "color": "rgb(120,120,120)",
                },
              ]
            }
          >
            Forgot Password
          </Text>
        </View>
      </View>
    </View>
  </View>
</View>
`;
