// Jest Snapshot v1, https://goo.gl/fbAQLP

exports[`<Splash /> Renders Splash screen 1`] = `
<View
  style={
    Object {
      "alignItems": "center",
      "backgroundColor": "#fff",
      "flex": 1,
      "justifyContent": "center",
    }
  }
>
  <ActivityIndicator
    size="large"
    testID="LOADING"
  />
</View>
`;
